2025-12-28T00:54:16.130-04:00  INFO 26000 --- [proyect] [main] c.p.p.P.vehiculo.VehiculoControllerTest  : Starting VehiculoControllerTest using Java 17.0.13 with PID 26000 (started by KATHE in C:\Users\KATHE\Proyecto-IS---UCAB---FullStack\backend\proyect)
2025-12-28T00:54:16.141-04:00  INFO 26000 --- [proyect] [main] c.p.p.P.vehiculo.VehiculoControllerTest  : No active profile set, falling back to 1 default profile: "default"
2025-12-28T00:54:18.980-04:00  WARN 26000 --- [proyect] [main] .s.s.UserDetailsServiceAutoConfiguration : 

Using generated security password: 6bde7525-dead-4915-a4a8-8cca0103441d

This generated password is for development use only. Your security configuration must be updated before running your application in production.

2025-12-28T00:54:19.006-04:00  INFO 26000 --- [proyect] [main] r$InitializeUserDetailsManagerConfigurer : Global AuthenticationManager configured with UserDetailsService bean with name inMemoryUserDetailsManager
2025-12-28T00:54:19.998-04:00  INFO 26000 --- [proyect] [main] c.p.p.P.vehiculo.VehiculoControllerTest  : Started VehiculoControllerTest in 4.426 seconds (process running for 6.028)
2025-12-28T00:54:21.052-04:00  INFO 26000 --- [proyect] [main] c.p.p.P.vehiculo.VehiculoControllerTest  : --------    🎯 Vehículo registrado exitosamente    --------
2025-12-28T00:54:21.053-04:00  INFO 26000 --- [proyect] [main] c.p.p.P.vehiculo.VehiculoControllerTest  : 📋 Detalles: com.ucab.estacionamiento.model.clases.Vehiculo@5a13f1f7
2025-12-28T00:57:07.519-04:00  INFO 504 --- [proyect] [main] c.p.p.P.vehiculo.VehiculoControllerTest  : Starting VehiculoControllerTest using Java 17.0.13 with PID 504 (started by KATHE in C:\Users\KATHE\Proyecto-IS---UCAB---FullStack\backend\proyect)
2025-12-28T00:57:07.522-04:00  INFO 504 --- [proyect] [main] c.p.p.P.vehiculo.VehiculoControllerTest  : No active profile set, falling back to 1 default profile: "default"
2025-12-28T00:57:09.872-04:00  WARN 504 --- [proyect] [main] .s.s.UserDetailsServiceAutoConfiguration : 

Using generated security password: c2ee0a11-3734-451e-be9d-e1fadb4ae65e

This generated password is for development use only. Your security configuration must be updated before running your application in production.

2025-12-28T00:57:09.889-04:00  INFO 504 --- [proyect] [main] r$InitializeUserDetailsManagerConfigurer : Global AuthenticationManager configured with UserDetailsService bean with name inMemoryUserDetailsManager
2025-12-28T00:57:10.646-04:00  INFO 504 --- [proyect] [main] c.p.p.P.vehiculo.VehiculoControllerTest  : Started VehiculoControllerTest in 3.639 seconds (process running for 5.291)
2025-12-28T00:57:54.843-04:00  INFO 49756 --- [proyect] [main] c.p.p.P.vehiculo.VehiculoControllerTest  : Starting VehiculoControllerTest using Java 17.0.13 with PID 49756 (started by KATHE in C:\Users\KATHE\Proyecto-IS---UCAB---FullStack\backend\proyect)
2025-12-28T00:57:54.848-04:00  INFO 49756 --- [proyect] [main] c.p.p.P.vehiculo.VehiculoControllerTest  : No active profile set, falling back to 1 default profile: "default"
2025-12-28T00:57:57.028-04:00  WARN 49756 --- [proyect] [main] .s.s.UserDetailsServiceAutoConfiguration : 

Using generated security password: 016c8816-68f8-4500-8541-b02d1267da2e

This generated password is for development use only. Your security configuration must be updated before running your application in production.

2025-12-28T00:57:57.043-04:00  INFO 49756 --- [proyect] [main] r$InitializeUserDetailsManagerConfigurer : Global AuthenticationManager configured with UserDetailsService bean with name inMemoryUserDetailsManager
2025-12-28T00:57:57.731-04:00  INFO 49756 --- [proyect] [main] c.p.p.P.vehiculo.VehiculoControllerTest  : Started VehiculoControllerTest in 3.433 seconds (process running for 4.823)
2025-12-28T00:57:58.528-04:00  INFO 49756 --- [proyect] [main] c.p.p.P.vehiculo.VehiculoControllerTest  : --------    🎯 Vehículo registrado exitosamente    --------
2025-12-28T00:57:58.529-04:00  INFO 49756 --- [proyect] [main] c.p.p.P.vehiculo.VehiculoControllerTest  : 📋 Detalles: com.ucab.estacionamiento.model.clases.Vehiculo@40fe8fd5
