2025-12-23T08:42:52.358-04:00  INFO 11084 --- [proyect] [main] c.u.e.application.ProyectApplication     : Starting ProyectApplication using Java 21.0.9 with PID 11084 (C:\Users\admin\Downloads\Proyecto-IS---UCAB---FullStack\backend\proyect\target\classes started by admin in C:\Users\admin\Downloads\Proyecto-IS---UCAB---FullStack)
2025-12-23T08:42:52.372-04:00 DEBUG 11084 --- [proyect] [main] c.u.e.application.ProyectApplication     : Running with Spring Boot v3.5.7, Spring v6.2.12
2025-12-23T08:42:52.376-04:00  INFO 11084 --- [proyect] [main] c.u.e.application.ProyectApplication     : No active profile set, falling back to 1 default profile: "default"
2025-12-23T08:42:54.565-04:00  INFO 11084 --- [proyect] [main] o.s.b.w.embedded.tomcat.TomcatWebServer  : Tomcat initialized with port 8080 (http)
2025-12-23T08:42:54.598-04:00  INFO 11084 --- [proyect] [main] o.apache.catalina.core.StandardService   : Starting service [Tomcat]
2025-12-23T08:42:54.599-04:00  INFO 11084 --- [proyect] [main] o.apache.catalina.core.StandardEngine    : Starting Servlet engine: [Apache Tomcat/10.1.48]
2025-12-23T08:42:54.824-04:00  INFO 11084 --- [proyect] [main] o.a.c.c.C.[Tomcat].[localhost].[/]       : Initializing Spring embedded WebApplicationContext
2025-12-23T08:42:54.825-04:00  INFO 11084 --- [proyect] [main] w.s.c.ServletWebServerApplicationContext : Root WebApplicationContext: initialization completed in 2344 ms
2025-12-23T08:42:55.464-04:00  WARN 11084 --- [proyect] [main] .s.s.UserDetailsServiceAutoConfiguration : 

Using generated security password: 6a2539d4-8a50-4aa4-8d7c-f6feffc7037d

This generated password is for development use only. Your security configuration must be updated before running your application in production.

2025-12-23T08:42:55.476-04:00  INFO 11084 --- [proyect] [main] r$InitializeUserDetailsManagerConfigurer : Global AuthenticationManager configured with UserDetailsService bean with name inMemoryUserDetailsManager
2025-12-23T08:42:56.063-04:00  INFO 11084 --- [proyect] [main] o.s.b.w.embedded.tomcat.TomcatWebServer  : Tomcat started on port 8080 (http) with context path '/'
2025-12-23T08:42:56.077-04:00  INFO 11084 --- [proyect] [main] c.u.e.application.ProyectApplication     : Started ProyectApplication in 4.537 seconds (process running for 6.391)
2025-12-23T08:43:46.642-04:00  INFO 11084 --- [proyect] [http-nio-127.0.0.1-8080-exec-1] o.a.c.c.C.[Tomcat].[localhost].[/]       : Initializing Spring DispatcherServlet 'dispatcherServlet'
2025-12-23T08:43:46.643-04:00  INFO 11084 --- [proyect] [http-nio-127.0.0.1-8080-exec-1] o.s.web.servlet.DispatcherServlet        : Initializing Servlet 'dispatcherServlet'
2025-12-23T08:43:46.646-04:00  INFO 11084 --- [proyect] [http-nio-127.0.0.1-8080-exec-1] o.s.web.servlet.DispatcherServlet        : Completed initialization in 2 ms
2025-12-30T21:19:44.589-04:00  INFO 23748 --- [proyect] [main] c.u.e.application.ProyectApplication     : Starting ProyectApplication using Java 21.0.9 with PID 23748 (C:\Users\user\Desktop\Cris 2.0\Universidad\Github\Proyecto-IS---UCAB---FullStack\backend\proyect\target\classes started by user in C:\Users\user\Desktop\Cris 2.0\Universidad\Github\Proyecto-IS---UCAB---FullStack)
2025-12-30T21:19:44.591-04:00 DEBUG 23748 --- [proyect] [main] c.u.e.application.ProyectApplication     : Running with Spring Boot v3.5.7, Spring v6.2.12
2025-12-30T21:19:44.592-04:00  INFO 23748 --- [proyect] [main] c.u.e.application.ProyectApplication     : No active profile set, falling back to 1 default profile: "default"
2025-12-30T21:19:45.730-04:00  INFO 23748 --- [proyect] [main] o.s.b.w.embedded.tomcat.TomcatWebServer  : Tomcat initialized with port 8080 (http)
2025-12-30T21:19:45.742-04:00  INFO 23748 --- [proyect] [main] o.apache.catalina.core.StandardService   : Starting service [Tomcat]
2025-12-30T21:19:45.742-04:00  INFO 23748 --- [proyect] [main] o.apache.catalina.core.StandardEngine    : Starting Servlet engine: [Apache Tomcat/10.1.48]
2025-12-30T21:19:45.787-04:00  INFO 23748 --- [proyect] [main] o.a.c.c.C.[Tomcat].[localhost].[/]       : Initializing Spring embedded WebApplicationContext
2025-12-30T21:19:45.788-04:00  INFO 23748 --- [proyect] [main] w.s.c.ServletWebServerApplicationContext : Root WebApplicationContext: initialization completed in 1159 ms
2025-12-30T21:19:46.088-04:00  WARN 23748 --- [proyect] [main] .s.s.UserDetailsServiceAutoConfiguration : 

Using generated security password: 39752c22-65cf-42cf-a940-6fc3d3719289

This generated password is for development use only. Your security configuration must be updated before running your application in production.

2025-12-30T21:19:46.093-04:00  INFO 23748 --- [proyect] [main] r$InitializeUserDetailsManagerConfigurer : Global AuthenticationManager configured with UserDetailsService bean with name inMemoryUserDetailsManager
2025-12-30T21:19:46.295-04:00  INFO 23748 --- [proyect] [main] o.s.b.w.embedded.tomcat.TomcatWebServer  : Tomcat started on port 8080 (http) with context path '/'
2025-12-30T21:19:46.302-04:00  INFO 23748 --- [proyect] [main] c.u.e.application.ProyectApplication     : Started ProyectApplication in 2.034 seconds (process running for 2.599)
2025-12-30T21:22:35.316-04:00  INFO 5188 --- [proyect] [main] c.u.e.application.ProyectApplication     : Starting ProyectApplication using Java 21.0.9 with PID 5188 (C:\Users\user\Desktop\Cris 2.0\Universidad\Github\Proyecto-IS---UCAB---FullStack\backend\proyect\target\classes started by user in C:\Users\user\Desktop\Cris 2.0\Universidad\Github\Proyecto-IS---UCAB---FullStack)
2025-12-30T21:22:35.318-04:00 DEBUG 5188 --- [proyect] [main] c.u.e.application.ProyectApplication     : Running with Spring Boot v3.5.7, Spring v6.2.12
2025-12-30T21:22:35.319-04:00  INFO 5188 --- [proyect] [main] c.u.e.application.ProyectApplication     : No active profile set, falling back to 1 default profile: "default"
2025-12-30T21:22:36.128-04:00  INFO 5188 --- [proyect] [main] o.s.b.w.embedded.tomcat.TomcatWebServer  : Tomcat initialized with port 8080 (http)
2025-12-30T21:22:36.140-04:00  INFO 5188 --- [proyect] [main] o.apache.catalina.core.StandardService   : Starting service [Tomcat]
2025-12-30T21:22:36.140-04:00  INFO 5188 --- [proyect] [main] o.apache.catalina.core.StandardEngine    : Starting Servlet engine: [Apache Tomcat/10.1.48]
2025-12-30T21:22:36.179-04:00  INFO 5188 --- [proyect] [main] o.a.c.c.C.[Tomcat].[localhost].[/]       : Initializing Spring embedded WebApplicationContext
2025-12-30T21:22:36.179-04:00  INFO 5188 --- [proyect] [main] w.s.c.ServletWebServerApplicationContext : Root WebApplicationContext: initialization completed in 826 ms
2025-12-30T21:22:36.491-04:00  WARN 5188 --- [proyect] [main] .s.s.UserDetailsServiceAutoConfiguration : 

Using generated security password: ad6da2ad-c8cb-4632-ad68-a54e0e782326

This generated password is for development use only. Your security configuration must be updated before running your application in production.

2025-12-30T21:22:36.498-04:00  INFO 5188 --- [proyect] [main] r$InitializeUserDetailsManagerConfigurer : Global AuthenticationManager configured with UserDetailsService bean with name inMemoryUserDetailsManager
2025-12-30T21:22:36.710-04:00  INFO 5188 --- [proyect] [main] o.s.b.w.embedded.tomcat.TomcatWebServer  : Tomcat started on port 8080 (http) with context path '/'
2025-12-30T21:22:36.716-04:00  INFO 5188 --- [proyect] [main] c.u.e.application.ProyectApplication     : Started ProyectApplication in 1.734 seconds (process running for 2.234)
2025-12-30T21:30:16.467-04:00  INFO 27924 --- [proyect] [main] c.u.e.application.ProyectApplication     : Starting ProyectApplication using Java 21.0.9 with PID 27924 (C:\Users\user\Desktop\Cris 2.0\Universidad\Github\Proyecto-IS---UCAB---FullStack\backend\proyect\target\classes started by user in C:\Users\user\Desktop\Cris 2.0\Universidad\Github\Proyecto-IS---UCAB---FullStack)
2025-12-30T21:30:16.469-04:00 DEBUG 27924 --- [proyect] [main] c.u.e.application.ProyectApplication     : Running with Spring Boot v3.5.7, Spring v6.2.12
2025-12-30T21:30:16.469-04:00  INFO 27924 --- [proyect] [main] c.u.e.application.ProyectApplication     : No active profile set, falling back to 1 default profile: "default"
2025-12-30T21:30:17.312-04:00  INFO 27924 --- [proyect] [main] o.s.b.w.embedded.tomcat.TomcatWebServer  : Tomcat initialized with port 8080 (http)
2025-12-30T21:30:17.323-04:00  INFO 27924 --- [proyect] [main] o.apache.catalina.core.StandardService   : Starting service [Tomcat]
2025-12-30T21:30:17.324-04:00  INFO 27924 --- [proyect] [main] o.apache.catalina.core.StandardEngine    : Starting Servlet engine: [Apache Tomcat/10.1.48]
2025-12-30T21:30:17.368-04:00  INFO 27924 --- [proyect] [main] o.a.c.c.C.[Tomcat].[localhost].[/]       : Initializing Spring embedded WebApplicationContext
2025-12-30T21:30:17.369-04:00  INFO 27924 --- [proyect] [main] w.s.c.ServletWebServerApplicationContext : Root WebApplicationContext: initialization completed in 865 ms
2025-12-30T21:30:17.678-04:00  WARN 27924 --- [proyect] [main] .s.s.UserDetailsServiceAutoConfiguration : 

Using generated security password: 1ecf84ed-461c-4134-bfac-bf722d3ccff1

This generated password is for development use only. Your security configuration must be updated before running your application in production.

2025-12-30T21:30:17.685-04:00  INFO 27924 --- [proyect] [main] r$InitializeUserDetailsManagerConfigurer : Global AuthenticationManager configured with UserDetailsService bean with name inMemoryUserDetailsManager
2025-12-30T21:30:17.891-04:00  INFO 27924 --- [proyect] [main] o.s.b.w.embedded.tomcat.TomcatWebServer  : Tomcat started on port 8080 (http) with context path '/'
2025-12-30T21:30:17.899-04:00  INFO 27924 --- [proyect] [main] c.u.e.application.ProyectApplication     : Started ProyectApplication in 1.76 seconds (process running for 2.272)
2025-12-30T21:45:06.081-04:00  INFO 21152 --- [proyect] [main] c.u.e.application.ProyectApplication     : Starting ProyectApplication using Java 21.0.9 with PID 21152 (C:\Users\user\Desktop\Cris 2.0\Universidad\Github\Proyecto-IS---UCAB---FullStack\backend\proyect\target\classes started by user in C:\Users\user\Desktop\Cris 2.0\Universidad\Github\Proyecto-IS---UCAB---FullStack)
2025-12-30T21:45:06.082-04:00 DEBUG 21152 --- [proyect] [main] c.u.e.application.ProyectApplication     : Running with Spring Boot v3.5.7, Spring v6.2.12
2025-12-30T21:45:06.084-04:00  INFO 21152 --- [proyect] [main] c.u.e.application.ProyectApplication     : No active profile set, falling back to 1 default profile: "default"
2025-12-30T21:45:06.852-04:00  INFO 21152 --- [proyect] [main] o.s.b.w.embedded.tomcat.TomcatWebServer  : Tomcat initialized with port 8080 (http)
2025-12-30T21:45:06.865-04:00  INFO 21152 --- [proyect] [main] o.apache.catalina.core.StandardService   : Starting service [Tomcat]
2025-12-30T21:45:06.866-04:00  INFO 21152 --- [proyect] [main] o.apache.catalina.core.StandardEngine    : Starting Servlet engine: [Apache Tomcat/10.1.48]
2025-12-30T21:45:06.915-04:00  INFO 21152 --- [proyect] [main] o.a.c.c.C.[Tomcat].[localhost].[/]       : Initializing Spring embedded WebApplicationContext
2025-12-30T21:45:06.916-04:00  INFO 21152 --- [proyect] [main] w.s.c.ServletWebServerApplicationContext : Root WebApplicationContext: initialization completed in 801 ms
2025-12-30T21:45:07.257-04:00  WARN 21152 --- [proyect] [main] .s.s.UserDetailsServiceAutoConfiguration : 

Using generated security password: 38aa2c36-f079-48e9-a6df-9a8d9cafcacf

This generated password is for development use only. Your security configuration must be updated before running your application in production.

2025-12-30T21:45:07.262-04:00  INFO 21152 --- [proyect] [main] r$InitializeUserDetailsManagerConfigurer : Global AuthenticationManager configured with UserDetailsService bean with name inMemoryUserDetailsManager
2025-12-30T21:45:07.512-04:00  INFO 21152 --- [proyect] [main] o.s.b.w.embedded.tomcat.TomcatWebServer  : Tomcat started on port 8080 (http) with context path '/'
2025-12-30T21:45:07.519-04:00  INFO 21152 --- [proyect] [main] c.u.e.application.ProyectApplication     : Started ProyectApplication in 1.765 seconds (process running for 2.282)
2025-12-30T21:46:36.687-04:00  INFO 21152 --- [proyect] [http-nio-127.0.0.1-8080-exec-1] o.a.c.c.C.[Tomcat].[localhost].[/]       : Initializing Spring DispatcherServlet 'dispatcherServlet'
2025-12-30T21:46:36.688-04:00  INFO 21152 --- [proyect] [http-nio-127.0.0.1-8080-exec-1] o.s.web.servlet.DispatcherServlet        : Initializing Servlet 'dispatcherServlet'
2025-12-30T21:46:36.689-04:00  INFO 21152 --- [proyect] [http-nio-127.0.0.1-8080-exec-1] o.s.web.servlet.DispatcherServlet        : Completed initialization in 1 ms
